Traceback (most recent call last):
  File "/usr/local/python/3.12.1/lib/python3.12/site-packages/jupyter_cache/executors/utils.py", line 58, in single_nb_execution
    executenb(
  File "/home/codespace/.local/lib/python3.12/site-packages/nbclient/client.py", line 1314, in execute
    return NotebookClient(nb=nb, resources=resources, km=km, **kwargs).execute()
           ^^^^^^^^^^^^^^^^^^^^^^^^^^^^^^^^^^^^^^^^^^^^^^^^^^^^^^^^^^^^^^^^^^^^^
  File "/home/codespace/.local/lib/python3.12/site-packages/jupyter_core/utils/__init__.py", line 165, in wrapped
    return loop.run_until_complete(inner)
           ^^^^^^^^^^^^^^^^^^^^^^^^^^^^^^
  File "/usr/local/python/3.12.1/lib/python3.12/asyncio/base_events.py", line 684, in run_until_complete
    return future.result()
           ^^^^^^^^^^^^^^^
  File "/home/codespace/.local/lib/python3.12/site-packages/nbclient/client.py", line 709, in async_execute
    await self.async_execute_cell(
  File "/home/codespace/.local/lib/python3.12/site-packages/nbclient/client.py", line 1062, in async_execute_cell
    await self._check_raise_for_error(cell, cell_index, exec_reply)
  File "/home/codespace/.local/lib/python3.12/site-packages/nbclient/client.py", line 918, in _check_raise_for_error
    raise CellExecutionError.from_cell_and_msg(cell, exec_reply_content)
nbclient.exceptions.CellExecutionError: An error occurred while executing the following cell:
------------------
Latihan 


import numpy as np
import matplotlib.pyplot as plt

# Titik-titik objek asli berbentuk "V"
points = np.array([
    [2, 0],
    [2, 1],
    [1, 1.5],
    [1.5, 0.5]     # kembali ke titik awal
]).T  # Bentuk 2xN

# Matriks refleksi terhadap garis y = x (tukar x dan y)
reflection_matrix = np.array([
    [0, 1],
    [1, 0]
])

# Hasil refleksi
reflected = reflection_matrix @ points

# Plotting
fig, ax = plt.subplots()

# Gambar bentuk asal (merah) dan refleksi (biru)
ax.plot(points[0], points[1], 'ro-', label='Asal')
ax.plot(reflected[0], reflected[1], 'bo-', label='Refleksi')

# Garis cermin y = x
x_line = np.linspace(0, 3, 100)
ax.plot(x_line, x_line, 'g--', label='y = x')

# Sumbu dan grid
ax.axhline(y=0, color='k', linestyle=':')
ax.axvline(x=0, color='k', linestyle=':')
ax.set_aspect('equal')
ax.set_xlim(0, 3)
ax.set_ylim(0, 3)
ax.grid(True)
ax.legend()
ax.set_title('Refleksi Bentuk "V" terhadap Garis y = x')
plt.show()
------------------


[0;31m---------------------------------------------------------------------------[0m
[0;31mNameError[0m                                 Traceback (most recent call last)
Cell [0;32mIn[1], line 1[0m
[0;32m----> 1[0m [43mLatihan[49m 
[1;32m      4[0m [38;5;28;01mimport[39;00m [38;5;21;01mnumpy[39;00m [38;5;28;01mas[39;00m [38;5;21;01mnp[39;00m
[1;32m      5[0m [38;5;28;01mimport[39;00m [38;5;21;01mmatplotlib[39;00m[38;5;21;01m.[39;00m[38;5;21;01mpyplot[39;00m [38;5;28;01mas[39;00m [38;5;21;01mplt[39;00m

[0;31mNameError[0m: name 'Latihan' is not defined

